[debug] [2026-03-07T13:50:58.146Z] ----------------------------------------------------------------------
[debug] [2026-03-07T13:50:58.148Z] Command:       C:\Program Files\nodejs\node.exe C:\Users\ohst1\AppData\Roaming\npm\node_modules\firebase-tools\lib\bin\firebase.js init hosting
[debug] [2026-03-07T13:50:58.148Z] CLI Version:   15.9.0
[debug] [2026-03-07T13:50:58.148Z] Platform:      win32
[debug] [2026-03-07T13:50:58.148Z] Node Version:  v24.14.0
[debug] [2026-03-07T13:50:58.148Z] Time:          Sat Mar 07 2026 22:50:58 GMT+0900 (Japan Standard Time)
[debug] [2026-03-07T13:50:58.148Z] ----------------------------------------------------------------------
[debug] 
[info] 
     ######## #### ########  ######## ########     ###     ######  ########
     ##        ##  ##     ## ##       ##     ##  ##   ##  ##       ##
     ######    ##  ########  ######   ########  #########  ######  ######
     ##        ##  ##    ##  ##       ##     ## ##     ##       ## ##
     ##       #### ##     ## ######## ########  ##     ##  ######  ########

You're about to initialize a Firebase project in this directory:

  C:\Users\ohst1\OneDrive\Desktop\Coding\angular_ohsoongteng\angular-ohsoongteng

[info] 
=== Project Setup
[info] 
[info] First, let's associate this project directory with a Firebase project.
[info] You can create multiple project aliases by running firebase use --add, 
[info] 
[info] i  If you want to create a project in a Google Cloud organization or folder, please use "firebase projects:create" instead, and return to this command when you've created the project. 
[debug] [2026-03-07T13:51:09.671Z] > command requires scopes: ["email","openid","https://www.googleapis.com/auth/cloudplatformprojects.readonly","https://www.googleapis.com/auth/firebase","https://www.googleapis.com/auth/cloud-platform"]
[debug] [2026-03-07T13:51:09.671Z] > authorizing via signed-in user (ohst33@gmail.com)
[debug] [2026-03-07T13:51:20.183Z] Checked if tokens are valid: true, expires at: 1772895025483
[debug] [2026-03-07T13:51:20.184Z] Checked if tokens are valid: true, expires at: 1772895025483
[debug] [2026-03-07T13:51:20.185Z] >>> [apiv2][query] POST https://firebase.googleapis.com/v1/projects:checkProjectId [none]
[debug] [2026-03-07T13:51:20.185Z] >>> [apiv2][body] POST https://firebase.googleapis.com/v1/projects:checkProjectId {"proposedId":"ohsoongteng_angular"}
[debug] [2026-03-07T13:51:20.387Z] <<< [apiv2][status] POST https://firebase.googleapis.com/v1/projects:checkProjectId 400
[debug] [2026-03-07T13:51:20.387Z] <<< [apiv2][body] POST https://firebase.googleapis.com/v1/projects:checkProjectId {"error":{"code":400,"message":"Request contains an invalid argument.","status":"INVALID_ARGUMENT"}}
[debug] [2026-03-07T13:51:20.388Z] Couldn't check if project ID ohsoongteng_angular is available. Original error: FirebaseError: Failed to check if project ID is available. See firebase-debug.log for more info.
[debug] [2026-03-07T13:52:15.647Z] Checked if tokens are valid: true, expires at: 1772895025483
[debug] [2026-03-07T13:52:15.647Z] Checked if tokens are valid: true, expires at: 1772895025483
[debug] [2026-03-07T13:52:15.647Z] >>> [apiv2][query] POST https://cloudresourcemanager.googleapis.com/v1/projects [none]
[debug] [2026-03-07T13:52:15.647Z] >>> [apiv2][body] POST https://cloudresourcemanager.googleapis.com/v1/projects {"projectId":"ohsoongteng_angular","name":"ohsoongteng_angular"}
[debug] [2026-03-07T13:52:16.644Z] <<< [apiv2][status] POST https://cloudresourcemanager.googleapis.com/v1/projects 400
[debug] [2026-03-07T13:52:16.645Z] <<< [apiv2][body] POST https://cloudresourcemanager.googleapis.com/v1/projects {"error":{"code":400,"message":"Request contains an invalid argument.","status":"INVALID_ARGUMENT","details":[{"@type":"type.googleapis.com/google.rpc.BadRequest","fieldViolations":[{"field":"project_id","description":"project_id contains invalid characters"},{"field":"display_name","description":"project display name contains invalid characters"}]},{"@type":"type.googleapis.com/google.rpc.Help","links":[{"url":"https://cloud.google.com/resource-manager/reference/rest/v1/projects"}]}]}}
[debug] [2026-03-07T13:52:16.852Z] FirebaseError: Request to https://cloudresourcemanager.googleapis.com/v1/projects had HTTP Error: 400, Request contains an invalid argument.
    at responseToError (C:\Users\ohst1\AppData\Roaming\npm\node_modules\firebase-tools\lib\responseToError.js:53:12)
    at RetryOperation._fn (C:\Users\ohst1\AppData\Roaming\npm\node_modules\firebase-tools\lib\apiv2.js:333:77)
    at process.processTicksAndRejections (node:internal/process/task_queues:104:5)
[error] 
[error] Error: Failed to create project. See firebase-debug.log for more info.
[debug] [2026-03-07T14:05:22.164Z] ----------------------------------------------------------------------
[debug] [2026-03-07T14:05:22.165Z] Command:       C:\Program Files\nodejs\node.exe C:\Users\ohst1\AppData\Roaming\npm\node_modules\firebase-tools\lib\bin\firebase.js init hosting
[debug] [2026-03-07T14:05:22.165Z] CLI Version:   15.9.0
[debug] [2026-03-07T14:05:22.165Z] Platform:      win32
[debug] [2026-03-07T14:05:22.165Z] Node Version:  v24.14.0
[debug] [2026-03-07T14:05:22.165Z] Time:          Sat Mar 07 2026 23:05:22 GMT+0900 (Japan Standard Time)
[debug] [2026-03-07T14:05:22.165Z] ----------------------------------------------------------------------
[debug] 
[info] 
     ######## #### ########  ######## ########     ###     ######  ########
     ##        ##  ##     ## ##       ##     ##  ##   ##  ##       ##
     ######    ##  ########  ######   ########  #########  ######  ######
     ##        ##  ##    ##  ##       ##     ## ##     ##       ## ##
     ##       #### ##     ## ######## ########  ##     ##  ######  ########

You're about to initialize a Firebase project in this directory:

  C:\Users\ohst1\OneDrive\Desktop\Coding\angular_ohsoongteng\angular-ohsoongteng

[info] 
=== Project Setup
[info] 
[info] First, let's associate this project directory with a Firebase project.
[info] You can create multiple project aliases by running firebase use --add, 
[info] 
[info] i  If you want to create a project in a Google Cloud organization or folder, please use "firebase projects:create" instead, and return to this command when you've created the project. 
[debug] [2026-03-07T14:05:27.773Z] > command requires scopes: ["email","openid","https://www.googleapis.com/auth/cloudplatformprojects.readonly","https://www.googleapis.com/auth/firebase","https://www.googleapis.com/auth/cloud-platform"]
[debug] [2026-03-07T14:05:27.773Z] > authorizing via signed-in user (ohst33@gmail.com)
[debug] [2026-03-07T14:07:43.402Z] Checked if tokens are valid: true, expires at: 1772895025483
[debug] [2026-03-07T14:07:43.402Z] Checked if tokens are valid: true, expires at: 1772895025483
[debug] [2026-03-07T14:07:43.403Z] >>> [apiv2][query] POST https://firebase.googleapis.com/v1/projects:checkProjectId [none]
[debug] [2026-03-07T14:07:43.403Z] >>> [apiv2][body] POST https://firebase.googleapis.com/v1/projects:checkProjectId {"proposedId":"ohsoongteng-profile"}
[debug] [2026-03-07T14:07:43.856Z] <<< [apiv2][status] POST https://firebase.googleapis.com/v1/projects:checkProjectId 200
[debug] [2026-03-07T14:07:43.856Z] <<< [apiv2][body] POST https://firebase.googleapis.com/v1/projects:checkProjectId {"projectIdStatus":"PROJECT_ID_AVAILABLE","suggestedProjectId":"ohsoongteng-profile"}
[debug] [2026-03-07T14:07:47.890Z] Checked if tokens are valid: true, expires at: 1772895025483
[debug] [2026-03-07T14:07:47.890Z] Checked if tokens are valid: true, expires at: 1772895025483
[debug] [2026-03-07T14:07:47.890Z] >>> [apiv2][query] POST https://cloudresourcemanager.googleapis.com/v1/projects [none]
[debug] [2026-03-07T14:07:47.890Z] >>> [apiv2][body] POST https://cloudresourcemanager.googleapis.com/v1/projects {"projectId":"ohsoongteng-profile","name":"ohsoongteng-profile"}
[debug] [2026-03-07T14:07:49.088Z] <<< [apiv2][status] POST https://cloudresourcemanager.googleapis.com/v1/projects 200
[debug] [2026-03-07T14:07:49.088Z] <<< [apiv2][body] POST https://cloudresourcemanager.googleapis.com/v1/projects {"name":"operations/create_project.global.5810881972143058387"}
[debug] [2026-03-07T14:07:49.088Z] Checked if tokens are valid: true, expires at: 1772895025483
[debug] [2026-03-07T14:07:49.088Z] Checked if tokens are valid: true, expires at: 1772895025483
[debug] [2026-03-07T14:07:49.088Z] >>> [apiv2][query] GET https://cloudresourcemanager.googleapis.com/v1/operations/create_project.global.5810881972143058387 [none]
[debug] [2026-03-07T14:07:49.830Z] <<< [apiv2][status] GET https://cloudresourcemanager.googleapis.com/v1/operations/create_project.global.5810881972143058387 200
[debug] [2026-03-07T14:07:49.830Z] <<< [apiv2][body] GET https://cloudresourcemanager.googleapis.com/v1/operations/create_project.global.5810881972143058387 {"name":"operations/create_project.global.5810881972143058387"}
[debug] [2026-03-07T14:07:50.342Z] [Project Creation Poller] Retrying task index 0
[debug] [2026-03-07T14:07:50.343Z] Checked if tokens are valid: true, expires at: 1772895025483
[debug] [2026-03-07T14:07:50.343Z] Checked if tokens are valid: true, expires at: 1772895025483
[debug] [2026-03-07T14:07:50.343Z] >>> [apiv2][query] GET https://cloudresourcemanager.googleapis.com/v1/operations/create_project.global.5810881972143058387 [none]
[debug] [2026-03-07T14:07:50.634Z] <<< [apiv2][status] GET https://cloudresourcemanager.googleapis.com/v1/operations/create_project.global.5810881972143058387 200
[debug] [2026-03-07T14:07:50.634Z] <<< [apiv2][body] GET https://cloudresourcemanager.googleapis.com/v1/operations/create_project.global.5810881972143058387 {"name":"operations/create_project.global.5810881972143058387","metadata":{"@type":"type.googleapis.com/google.cloudresourcemanager.v1.ProjectCreationStatus","gettable":true,"ready":true},"done":true,"response":{"@type":"type.googleapis.com/google.cloudresourcemanager.v1.Project","projectNumber":"1083367138042","projectId":"ohsoongteng-profile","lifecycleState":"ACTIVE","name":"ohsoongteng-profile","createTime":"2026-03-07T14:07:49.808482Z"}}
[debug] [2026-03-07T14:07:50.635Z] Checked if tokens are valid: true, expires at: 1772895025483
[debug] [2026-03-07T14:07:50.635Z] Checked if tokens are valid: true, expires at: 1772895025483
[debug] [2026-03-07T14:07:50.635Z] >>> [apiv2][query] POST https://firebase.googleapis.com/v1beta1/projects/ohsoongteng-profile:addFirebase [none]
[debug] [2026-03-07T14:07:54.438Z] <<< [apiv2][status] POST https://firebase.googleapis.com/v1beta1/projects/ohsoongteng-profile:addFirebase 200
[debug] [2026-03-07T14:07:54.439Z] <<< [apiv2][body] POST https://firebase.googleapis.com/v1beta1/projects/ohsoongteng-profile:addFirebase {"name":"operations/workflows/MjA3OTFjY2QtYWU0NC00MWNmLWIxNjQtMjU3ZDNjYjZjYzcy"}
[debug] [2026-03-07T14:07:54.439Z] Checked if tokens are valid: true, expires at: 1772895025483
[debug] [2026-03-07T14:07:54.439Z] Checked if tokens are valid: true, expires at: 1772895025483
[debug] [2026-03-07T14:07:54.439Z] >>> [apiv2][query] GET https://firebase.googleapis.com/v1beta1/operations/workflows/MjA3OTFjY2QtYWU0NC00MWNmLWIxNjQtMjU3ZDNjYjZjYzcy [none]
[debug] [2026-03-07T14:07:55.413Z] <<< [apiv2][status] GET https://firebase.googleapis.com/v1beta1/operations/workflows/MjA3OTFjY2QtYWU0NC00MWNmLWIxNjQtMjU3ZDNjYjZjYzcy 200
[debug] [2026-03-07T14:07:55.413Z] <<< [apiv2][body] GET https://firebase.googleapis.com/v1beta1/operations/workflows/MjA3OTFjY2QtYWU0NC00MWNmLWIxNjQtMjU3ZDNjYjZjYzcy {"name":"operations/workflows/MjA3OTFjY2QtYWU0NC00MWNmLWIxNjQtMjU3ZDNjYjZjYzcy"}
[debug] [2026-03-07T14:07:55.915Z] [Add Firebase Poller] Retrying task index 0
[debug] [2026-03-07T14:07:55.916Z] Checked if tokens are valid: true, expires at: 1772895025483
[debug] [2026-03-07T14:07:55.916Z] Checked if tokens are valid: true, expires at: 1772895025483
[debug] [2026-03-07T14:07:55.916Z] >>> [apiv2][query] GET https://firebase.googleapis.com/v1beta1/operations/workflows/MjA3OTFjY2QtYWU0NC00MWNmLWIxNjQtMjU3ZDNjYjZjYzcy [none]
[debug] [2026-03-07T14:07:56.519Z] <<< [apiv2][status] GET https://firebase.googleapis.com/v1beta1/operations/workflows/MjA3OTFjY2QtYWU0NC00MWNmLWIxNjQtMjU3ZDNjYjZjYzcy 200
[debug] [2026-03-07T14:07:56.519Z] <<< [apiv2][body] GET https://firebase.googleapis.com/v1beta1/operations/workflows/MjA3OTFjY2QtYWU0NC00MWNmLWIxNjQtMjU3ZDNjYjZjYzcy {"name":"operations/workflows/MjA3OTFjY2QtYWU0NC00MWNmLWIxNjQtMjU3ZDNjYjZjYzcy"}
[debug] [2026-03-07T14:07:57.531Z] [Add Firebase Poller] Retrying task index 0
[debug] [2026-03-07T14:07:57.531Z] Checked if tokens are valid: true, expires at: 1772895025483
[debug] [2026-03-07T14:07:57.531Z] Checked if tokens are valid: true, expires at: 1772895025483
[debug] [2026-03-07T14:07:57.531Z] >>> [apiv2][query] GET https://firebase.googleapis.com/v1beta1/operations/workflows/MjA3OTFjY2QtYWU0NC00MWNmLWIxNjQtMjU3ZDNjYjZjYzcy [none]
[debug] [2026-03-07T14:07:58.464Z] <<< [apiv2][status] GET https://firebase.googleapis.com/v1beta1/operations/workflows/MjA3OTFjY2QtYWU0NC00MWNmLWIxNjQtMjU3ZDNjYjZjYzcy 200
[debug] [2026-03-07T14:07:58.464Z] <<< [apiv2][body] GET https://firebase.googleapis.com/v1beta1/operations/workflows/MjA3OTFjY2QtYWU0NC00MWNmLWIxNjQtMjU3ZDNjYjZjYzcy {"name":"operations/workflows/MjA3OTFjY2QtYWU0NC00MWNmLWIxNjQtMjU3ZDNjYjZjYzcy"}
[debug] [2026-03-07T14:08:00.470Z] [Add Firebase Poller] Retrying task index 0
[debug] [2026-03-07T14:08:00.470Z] Checked if tokens are valid: true, expires at: 1772895025483
[debug] [2026-03-07T14:08:00.470Z] Checked if tokens are valid: true, expires at: 1772895025483
[debug] [2026-03-07T14:08:00.470Z] >>> [apiv2][query] GET https://firebase.googleapis.com/v1beta1/operations/workflows/MjA3OTFjY2QtYWU0NC00MWNmLWIxNjQtMjU3ZDNjYjZjYzcy [none]
[debug] [2026-03-07T14:08:01.537Z] <<< [apiv2][status] GET https://firebase.googleapis.com/v1beta1/operations/workflows/MjA3OTFjY2QtYWU0NC00MWNmLWIxNjQtMjU3ZDNjYjZjYzcy 200
[debug] [2026-03-07T14:08:01.537Z] <<< [apiv2][body] GET https://firebase.googleapis.com/v1beta1/operations/workflows/MjA3OTFjY2QtYWU0NC00MWNmLWIxNjQtMjU3ZDNjYjZjYzcy {"name":"operations/workflows/MjA3OTFjY2QtYWU0NC00MWNmLWIxNjQtMjU3ZDNjYjZjYzcy"}
[debug] [2026-03-07T14:08:05.550Z] [Add Firebase Poller] Retrying task index 0
[debug] [2026-03-07T14:08:05.550Z] Checked if tokens are valid: true, expires at: 1772895025483
[debug] [2026-03-07T14:08:05.550Z] Checked if tokens are valid: true, expires at: 1772895025483
[debug] [2026-03-07T14:08:05.550Z] >>> [apiv2][query] GET https://firebase.googleapis.com/v1beta1/operations/workflows/MjA3OTFjY2QtYWU0NC00MWNmLWIxNjQtMjU3ZDNjYjZjYzcy [none]
[debug] [2026-03-07T14:08:06.378Z] <<< [apiv2][status] GET https://firebase.googleapis.com/v1beta1/operations/workflows/MjA3OTFjY2QtYWU0NC00MWNmLWIxNjQtMjU3ZDNjYjZjYzcy 200
[debug] [2026-03-07T14:08:06.378Z] <<< [apiv2][body] GET https://firebase.googleapis.com/v1beta1/operations/workflows/MjA3OTFjY2QtYWU0NC00MWNmLWIxNjQtMjU3ZDNjYjZjYzcy {"name":"operations/workflows/MjA3OTFjY2QtYWU0NC00MWNmLWIxNjQtMjU3ZDNjYjZjYzcy","done":true,"response":{"@type":"type.googleapis.com/google.firebase.service.v1beta1.FirebaseProject","projectId":"ohsoongteng-profile","projectNumber":"1083367138042","displayName":"ohsoongteng-profile","name":"projects/ohsoongteng-profile","resources":{"hostingSite":"ohsoongteng-profile"}}}
[info] 
[info] === Your Firebase project is ready! ===
[info] 
[info] Project information:
[info]    - Project ID: ohsoongteng-profile
[info]    - Project Name: ohsoongteng-profile
[info] 
[info] Firebase console is available at
[info] https://console.firebase.google.com/project/ohsoongteng-profile/overview
[info] 
=== Hosting Setup
[debug] [2026-03-07T14:08:06.385Z] Checked if tokens are valid: true, expires at: 1772895025483
[debug] [2026-03-07T14:08:06.385Z] Checked if tokens are valid: true, expires at: 1772895025483
[debug] [2026-03-07T14:08:06.385Z] >>> [apiv2][query] GET https://firebase.googleapis.com/v1beta1/projects/ohsoongteng-profile [none]
[debug] [2026-03-07T14:08:07.257Z] <<< [apiv2][status] GET https://firebase.googleapis.com/v1beta1/projects/ohsoongteng-profile 200
[debug] [2026-03-07T14:08:07.257Z] <<< [apiv2][body] GET https://firebase.googleapis.com/v1beta1/projects/ohsoongteng-profile {"projectId":"ohsoongteng-profile","projectNumber":"1083367138042","displayName":"ohsoongteng-profile","name":"projects/ohsoongteng-profile","resources":{"hostingSite":"ohsoongteng-profile"},"state":"ACTIVE","etag":"1_c3c907ea-014a-4974-ab80-4976783775ba"}
[info] 
[info] Your public directory is the folder (relative to your project directory) that
[info] will contain Hosting assets to be uploaded with firebase deploy. If you
[info] have a build process for your assets, use your build's output directory.
[info] 
[info] 
[info] i  Didn't detect a .git folder. Assuming C:\Users\ohst1\OneDrive\Desktop\Coding\angular_ohsoongteng\angular-ohsoongteng is the project root. 
[info] i  Authorizing with GitHub to upload your service account to a GitHub repository's secrets store. 
[info] 
[info] Visit this URL on this device to log in:
[info] https://github.com/login/oauth/authorize?client_id=89cf50f02ac6aaed3484&state=352980083&redirect_uri=http%3A%2F%2Flocalhost%3A9005&scope=read%3Auser%20repo%20public_repo
[info] 
[info] Waiting for authentication...
[debug] [2026-03-07T14:08:24.726Z] >>> [apiv2][query] POST https://github.com/login/oauth/access_token [none]
[debug] [2026-03-07T14:08:24.726Z] >>> [apiv2][body] POST https://github.com/login/oauth/access_token [stream]
[debug] [2026-03-07T14:08:25.818Z] <<< [apiv2][status] POST https://github.com/login/oauth/access_token 200
[debug] [2026-03-07T14:08:25.819Z] <<< [apiv2][body] POST https://github.com/login/oauth/access_token {"access_token":"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","token_type":"bearer","scope":"read:user,repo"}
[debug] [2026-03-07T14:08:25.822Z] >>> [apiv2][query] GET https://api.github.com/user [none]
[debug] [2026-03-07T14:08:26.349Z] <<< [apiv2][status] GET https://api.github.com/user 200
[debug] [2026-03-07T14:08:26.349Z] <<< [apiv2][body] GET https://api.github.com/user {"login":"erazersyo","id":103319969,"node_id":"U_kgDOBiiJoQ","avatar_url":"https://avatars.githubusercontent.com/u/103319969?v=4","gravatar_id":"","url":"https://api.github.com/users/erazersyo","html_url":"https://github.com/erazersyo","followers_url":"https://api.github.com/users/erazersyo/followers","following_url":"https://api.github.com/users/erazersyo/following{/other_user}","gists_url":"https://api.github.com/users/erazersyo/gists{/gist_id}","starred_url":"https://api.github.com/users/erazersyo/starred{/owner}{/repo}","subscriptions_url":"https://api.github.com/users/erazersyo/subscriptions","organizations_url":"https://api.github.com/users/erazersyo/orgs","repos_url":"https://api.github.com/users/erazersyo/repos","events_url":"https://api.github.com/users/erazersyo/events{/privacy}","received_events_url":"https://api.github.com/users/erazersyo/received_events","type":"User","user_view_type":"private","site_admin":false,"name":"Soong Teng","company":null,"blog":"","location":null,"email":null,"hireable":null,"bio":null,"twitter_username":null,"notification_email":null,"public_repos":6,"public_gists":0,"followers":0,"following":0,"created_at":"2022-04-09T13:21:25Z","updated_at":"2026-03-01T13:02:13Z","private_gists":0,"total_private_repos":4,"owned_private_repos":4,"disk_usage":293469,"collaborators":0,"two_factor_authentication":true,"plan":{"name":"free","space":976562499,"collaborators":0,"private_repos":10000}}
[info] 
[info] +  Success! Logged into GitHub as erazersyo 
[info] 
[debug] [2026-03-07T14:09:07.319Z] >>> [apiv2][query] GET https://api.github.com/repos/erazersyo/repository/actions/secrets/public-key type=owner
[debug] [2026-03-07T14:09:07.846Z] <<< [apiv2][status] GET https://api.github.com/repos/erazersyo/repository/actions/secrets/public-key 404
[debug] [2026-03-07T14:09:07.846Z] <<< [apiv2][body] GET https://api.github.com/repos/erazersyo/repository/actions/secrets/public-key {"message":"Not Found","documentation_url":"https://docs.github.com/rest/actions/secrets#get-a-repository-public-key","status":"404"}
[info] 
[info] 
[error] !  The provided authorization cannot be used with this repository. If this repository is in an organization, did you remember to grant access? 
[info] 
[info] i  Action required: Visit this URL to ensure access has been granted to the appropriate organization(s) for the Firebase CLI GitHub OAuth App: 
[info] https://github.com/settings/connections/applications/89cf50f02ac6aaed3484
[info] 
